#-----------------------------------------------------------
# Webtalk v2018.3.1 (64-bit)
# SW Build 2489853 on Tue Mar 26 04:20:25 MDT 2019
# IP Build 2486929 on Tue Mar 26 06:44:21 MDT 2019
# Start of session at: Fri Jun  3 13:21:15 2022
# Process ID: 75200
# Current directory: C:/Users/mubar/Documents/ENGS31/es31-wordle/vivado_projects/master_project/master_project.sim/read_dict_rom_sim/behav/xsim
# Command line: wbtcv.exe -mode batch -source C:/Users/mubar/Documents/ENGS31/es31-wordle/vivado_projects/master_project/master_project.sim/read_dict_rom_sim/behav/xsim/xsim.dir/WORDLE_DICTIONARY_ROM_tb_behav/webtalk/xsim_webtalk.tcl -notrace
# Log file: C:/Users/mubar/Documents/ENGS31/es31-wordle/vivado_projects/master_project/master_project.sim/read_dict_rom_sim/behav/xsim/webtalk.log
# Journal file: C:/Users/mubar/Documents/ENGS31/es31-wordle/vivado_projects/master_project/master_project.sim/read_dict_rom_sim/behav/xsim\webtalk.jou
#-----------------------------------------------------------
source C:/Users/mubar/Documents/ENGS31/es31-wordle/vivado_projects/master_project/master_project.sim/read_dict_rom_sim/behav/xsim/xsim.dir/WORDLE_DICTIONARY_ROM_tb_behav/webtalk/xsim_webtalk.tcl -notrace
